param "$mfactor"  units = "", desc = "Multiplier (Verilog-A $mfactor)", flags = ParameterFlags(PARA_KIND_INST)
param "L"  units = "", desc = "", flags = ParameterFlags(PARA_KIND_INST)
param "D"  units = "", desc = "", flags = ParameterFlags(PARA_KIND_INST)
param "TFIN"  units = "", desc = "", flags = ParameterFlags(PARA_KIND_INST)
param "FPITCH"  units = "", desc = "", flags = ParameterFlags(PARA_KIND_INST)
param "NF"  units = "", desc = "", flags = ParameterFlags(PARA_TY_INT | PARA_KIND_INST)
param "NFIN"  units = "", desc = "", flags = ParameterFlags(PARA_KIND_INST)
param "NGCON"  units = "", desc = "", flags = ParameterFlags(PARA_TY_INT | PARA_KIND_INST)
param "ASEO"  units = "", desc = "", flags = ParameterFlags(PARA_KIND_INST)
param "ADEO"  units = "", desc = "", flags = ParameterFlags(PARA_KIND_INST)
param "PSEO"  units = "", desc = "", flags = ParameterFlags(PARA_KIND_INST)
param "PDEO"  units = "", desc = "", flags = ParameterFlags(PARA_KIND_INST)
param "ASEJ"  units = "", desc = "", flags = ParameterFlags(PARA_KIND_INST)
param "ADEJ"  units = "", desc = "", flags = ParameterFlags(PARA_KIND_INST)
param "PSEJ"  units = "", desc = "", flags = ParameterFlags(PARA_KIND_INST)
param "PDEJ"  units = "", desc = "", flags = ParameterFlags(PARA_KIND_INST)
param "COVS"  units = "", desc = "", flags = ParameterFlags(PARA_KIND_INST)
param "COVD"  units = "", desc = "", flags = ParameterFlags(PARA_KIND_INST)
param "CGSP"  units = "", desc = "", flags = ParameterFlags(PARA_KIND_INST)
param "CGDP"  units = "", desc = "", flags = ParameterFlags(PARA_KIND_INST)
param "CDSP"  units = "", desc = "", flags = ParameterFlags(PARA_KIND_INST)
param "NRS"  units = "", desc = "", flags = ParameterFlags(PARA_KIND_INST)
param "NRD"  units = "", desc = "", flags = ParameterFlags(PARA_KIND_INST)
param "LRSD"  units = "", desc = "", flags = ParameterFlags(PARA_KIND_INST)
param "XL"  units = "", desc = "", flags = ParameterFlags(PARA_KIND_INST)
param "DTEMP"  units = "", desc = "", flags = ParameterFlags(PARA_KIND_INST)
param "DELVTRAND"  units = "", desc = "", flags = ParameterFlags(PARA_KIND_INST)
param "U0MULT"  units = "", desc = "", flags = ParameterFlags(PARA_KIND_INST)
param "IDS0MULT"  units = "", desc = "", flags = ParameterFlags(PARA_KIND_INST)
param "DEVTYPE"  units = "", desc = "", flags = ParameterFlags(PARA_TY_INT)
param "BULKMOD"  units = "", desc = "", flags = ParameterFlags(PARA_TY_INT)
param "COREMOD"  units = "", desc = "", flags = ParameterFlags(PARA_TY_INT)
param "GEOMOD"  units = "", desc = "", flags = ParameterFlags(PARA_TY_INT)
param "CGEO1SW"  units = "", desc = "", flags = ParameterFlags(PARA_TY_INT)
param "RDSMOD"  units = "", desc = "", flags = ParameterFlags(PARA_TY_INT)
param "ASYMMOD"  units = "", desc = "", flags = ParameterFlags(PARA_TY_INT)
param "IGCMOD"  units = "", desc = "", flags = ParameterFlags(PARA_TY_INT)
param "IGBMOD"  units = "", desc = "", flags = ParameterFlags(PARA_TY_INT)
param "GIDLMOD"  units = "", desc = "", flags = ParameterFlags(PARA_TY_INT)
param "IIMOD"  units = "", desc = "", flags = ParameterFlags(PARA_TY_INT)
param "NQSMOD"  units = "", desc = "", flags = ParameterFlags(PARA_TY_INT)
param "SHMOD"  units = "", desc = "", flags = ParameterFlags(PARA_TY_INT)
param "RGATEMOD"  units = "", desc = "", flags = ParameterFlags(PARA_TY_INT)
param "RGEOMOD"  units = "", desc = "", flags = ParameterFlags(PARA_TY_INT)
param "CGEOMOD"  units = "", desc = "", flags = ParameterFlags(PARA_TY_INT)
param "CAPMOD"  units = "", desc = "", flags = ParameterFlags(PARA_TY_INT)
param "LINT"  units = "", desc = "", flags = ParameterFlags(0x0)
param "LL"  units = "", desc = "", flags = ParameterFlags(0x0)
param "LLN"  units = "", desc = "", flags = ParameterFlags(0x0)
param "DLC"  units = "", desc = "", flags = ParameterFlags(0x0)
param "DLCACC"  units = "", desc = "", flags = ParameterFlags(0x0)
param "DLBIN"  units = "", desc = "", flags = ParameterFlags(0x0)
param "LLC"  units = "", desc = "", flags = ParameterFlags(0x0)
param "EOT"  units = "", desc = "", flags = ParameterFlags(0x0)
param "TOXP"  units = "", desc = "", flags = ParameterFlags(0x0)
param "EOTBOX"  units = "", desc = "", flags = ParameterFlags(0x0)
param "HFIN"  units = "", desc = "", flags = ParameterFlags(0x0)
param "FECH"  units = "", desc = "", flags = ParameterFlags(0x0)
param "DELTAW"  units = "", desc = "", flags = ParameterFlags(0x0)
param "FECHCV"  units = "", desc = "", flags = ParameterFlags(0x0)
param "DELTAWCV"  units = "", desc = "", flags = ParameterFlags(0x0)
param "NBODY"  units = "", desc = "", flags = ParameterFlags(0x0)
param "NBODYN1"  units = "", desc = "", flags = ParameterFlags(0x0)
param "NBODYN2"  units = "", desc = "", flags = ParameterFlags(0x0)
param "NSD"  units = "", desc = "", flags = ParameterFlags(0x0)
param "PHIG"  units = "", desc = "", flags = ParameterFlags(0x0)
param "PHIGL"  units = "", desc = "", flags = ParameterFlags(0x0)
param "PHIGN1"  units = "", desc = "", flags = ParameterFlags(0x0)
param "PHIGN2"  units = "", desc = "", flags = ParameterFlags(0x0)
param "EPSROX"  units = "", desc = "", flags = ParameterFlags(0x0)
param "EPSRSUB"  units = "", desc = "", flags = ParameterFlags(0x0)
param "EASUB"  units = "", desc = "", flags = ParameterFlags(0x0)
param "NI0SUB"  units = "", desc = "", flags = ParameterFlags(0x0)
param "BG0SUB"  units = "", desc = "", flags = ParameterFlags(0x0)
param "NC0SUB"  units = "", desc = "", flags = ParameterFlags(0x0)
param "NGATE"  units = "", desc = "", flags = ParameterFlags(0x0)
param "Imin"  units = "", desc = "", flags = ParameterFlags(0x0)
param "CIT"  units = "", desc = "", flags = ParameterFlags(0x0)
param "CDSC"  units = "", desc = "", flags = ParameterFlags(0x0)
param "CDSCN1"  units = "", desc = "", flags = ParameterFlags(0x0)
param "CDSCN2"  units = "", desc = "", flags = ParameterFlags(0x0)
param "CDSCD"  units = "", desc = "", flags = ParameterFlags(0x0)
param "CDSCDN1"  units = "", desc = "", flags = ParameterFlags(0x0)
param "CDSCDN2"  units = "", desc = "", flags = ParameterFlags(0x0)
param "CDSCDR"  units = "", desc = "", flags = ParameterFlags(0x0)
param "CDSCDRN1"  units = "", desc = "", flags = ParameterFlags(0x0)
param "CDSCDRN2"  units = "", desc = "", flags = ParameterFlags(0x0)
param "DVT0"  units = "", desc = "", flags = ParameterFlags(0x0)
param "DVT1"  units = "", desc = "", flags = ParameterFlags(0x0)
param "DVT1SS"  units = "", desc = "", flags = ParameterFlags(0x0)
param "PHIN"  units = "", desc = "", flags = ParameterFlags(0x0)
param "ETA0"  units = "", desc = "", flags = ParameterFlags(0x0)
param "ETA0N1"  units = "", desc = "", flags = ParameterFlags(0x0)
param "ETA0N2"  units = "", desc = "", flags = ParameterFlags(0x0)
param "TETA0"  units = "", desc = "", flags = ParameterFlags(0x0)
param "ETA0R"  units = "", desc = "", flags = ParameterFlags(0x0)
param "TETA0R"  units = "", desc = "", flags = ParameterFlags(0x0)
param "DSUB"  units = "", desc = "", flags = ParameterFlags(0x0)
param "DVTP0"  units = "", desc = "", flags = ParameterFlags(0x0)
param "DVTP1"  units = "", desc = "", flags = ParameterFlags(0x0)
param "K1RSCE"  units = "", desc = "", flags = ParameterFlags(0x0)
param "LPE0"  units = "", desc = "", flags = ParameterFlags(0x0)
param "DVTSHIFT"  units = "", desc = "", flags = ParameterFlags(0x0)
param "K0"  units = "", desc = "", flags = ParameterFlags(0x0)
param "K01"  units = "", desc = "", flags = ParameterFlags(0x0)
param "K0SI"  units = "", desc = "", flags = ParameterFlags(0x0)
param "K0SI1"  units = "", desc = "", flags = ParameterFlags(0x0)
param "K1SI"  units = "", desc = "", flags = ParameterFlags(0x0)
param "K1SI1"  units = "", desc = "", flags = ParameterFlags(0x0)
param "PHIBE"  units = "", desc = "", flags = ParameterFlags(0x0)
param "K1"  units = "", desc = "", flags = ParameterFlags(0x0)
param "K11"  units = "", desc = "", flags = ParameterFlags(0x0)
param "K1SAT"  units = "", desc = "", flags = ParameterFlags(0x0)
param "K1SAT1"  units = "", desc = "", flags = ParameterFlags(0x0)
param "QMFACTOR"  units = "", desc = "", flags = ParameterFlags(0x0)
param "QMTCENIV"  units = "", desc = "", flags = ParameterFlags(0x0)
param "QMTCENCV"  units = "", desc = "", flags = ParameterFlags(0x0)
param "QMTCENCVA"  units = "", desc = "", flags = ParameterFlags(0x0)
param "AQMTCEN"  units = "", desc = "", flags = ParameterFlags(0x0)
param "BQMTCEN"  units = "", desc = "", flags = ParameterFlags(0x0)
param "ETAQM"  units = "", desc = "", flags = ParameterFlags(0x0)
param "QM0"  units = "", desc = "", flags = ParameterFlags(0x0)
param "PQM"  units = "", desc = "", flags = ParameterFlags(0x0)
param "QM0ACC"  units = "", desc = "", flags = ParameterFlags(0x0)
param "PQMACC"  units = "", desc = "", flags = ParameterFlags(0x0)
param "VSAT"  units = "", desc = "", flags = ParameterFlags(0x0)
param "VSATN1"  units = "", desc = "", flags = ParameterFlags(0x0)
param "VSATN2"  units = "", desc = "", flags = ParameterFlags(0x0)
param "AVSAT"  units = "", desc = "", flags = ParameterFlags(0x0)
param "BVSAT"  units = "", desc = "", flags = ParameterFlags(0x0)
param "VSAT1"  units = "", desc = "", flags = ParameterFlags(0x0)
param "VSAT1N1"  units = "", desc = "", flags = ParameterFlags(0x0)
param "VSAT1N2"  units = "", desc = "", flags = ParameterFlags(0x0)
param "VSAT1R"  units = "", desc = "", flags = ParameterFlags(0x0)
param "VSAT1RN1"  units = "", desc = "", flags = ParameterFlags(0x0)
param "VSAT1RN2"  units = "", desc = "", flags = ParameterFlags(0x0)
param "AVSAT1"  units = "", desc = "", flags = ParameterFlags(0x0)
param "BVSAT1"  units = "", desc = "", flags = ParameterFlags(0x0)
param "DELTAVSAT"  units = "", desc = "", flags = ParameterFlags(0x0)
param "PSAT"  units = "", desc = "", flags = ParameterFlags(0x0)
param "APSAT"  units = "", desc = "", flags = ParameterFlags(0x0)
param "BPSAT"  units = "", desc = "", flags = ParameterFlags(0x0)
param "KSATIV"  units = "", desc = "", flags = ParameterFlags(0x0)
param "VSATCV"  units = "", desc = "", flags = ParameterFlags(0x0)
param "AVSATCV"  units = "", desc = "", flags = ParameterFlags(0x0)
param "BVSATCV"  units = "", desc = "", flags = ParameterFlags(0x0)
param "DELTAVSATCV"  units = "", desc = "", flags = ParameterFlags(0x0)
param "PSATCV"  units = "", desc = "", flags = ParameterFlags(0x0)
param "APSATCV"  units = "", desc = "", flags = ParameterFlags(0x0)
param "BPSATCV"  units = "", desc = "", flags = ParameterFlags(0x0)
param "MEXP"  units = "", desc = "", flags = ParameterFlags(0x0)
param "AMEXP"  units = "", desc = "", flags = ParameterFlags(0x0)
param "BMEXP"  units = "", desc = "", flags = ParameterFlags(0x0)
param "MEXPR"  units = "", desc = "", flags = ParameterFlags(0x0)
param "AMEXPR"  units = "", desc = "", flags = ParameterFlags(0x0)
param "BMEXPR"  units = "", desc = "", flags = ParameterFlags(0x0)
param "PTWG"  units = "", desc = "", flags = ParameterFlags(0x0)
param "PTWGR"  units = "", desc = "", flags = ParameterFlags(0x0)
param "APTWG"  units = "", desc = "", flags = ParameterFlags(0x0)
param "BPTWG"  units = "", desc = "", flags = ParameterFlags(0x0)
param "AT"  units = "", desc = "", flags = ParameterFlags(0x0)
param "TMEXP"  units = "", desc = "", flags = ParameterFlags(0x0)
param "TMEXPR"  units = "", desc = "", flags = ParameterFlags(0x0)
param "PTWGT"  units = "", desc = "", flags = ParameterFlags(0x0)
param "U0"  units = "", desc = "", flags = ParameterFlags(0x0)
param "U0N1"  units = "", desc = "", flags = ParameterFlags(0x0)
param "U0N2"  units = "", desc = "", flags = ParameterFlags(0x0)
param "ETAMOB"  units = "", desc = "", flags = ParameterFlags(0x0)
param "UP"  units = "", desc = "", flags = ParameterFlags(0x0)
param "LPA"  units = "", desc = "", flags = ParameterFlags(0x0)
param "UA"  units = "", desc = "", flags = ParameterFlags(0x0)
param "AUA"  units = "", desc = "", flags = ParameterFlags(0x0)
param "BUA"  units = "", desc = "", flags = ParameterFlags(0x0)
param "UC"  units = "", desc = "", flags = ParameterFlags(0x0)
param "EU"  units = "", desc = "", flags = ParameterFlags(0x0)
param "AEU"  units = "", desc = "", flags = ParameterFlags(0x0)
param "BEU"  units = "", desc = "", flags = ParameterFlags(0x0)
param "UD"  units = "", desc = "", flags = ParameterFlags(0x0)
param "AUD"  units = "", desc = "", flags = ParameterFlags(0x0)
param "BUD"  units = "", desc = "", flags = ParameterFlags(0x0)
param "UCS"  units = "", desc = "", flags = ParameterFlags(0x0)
param "UTE"  units = "", desc = "", flags = ParameterFlags(0x0)
param "UTL"  units = "", desc = "", flags = ParameterFlags(0x0)
param "EMOBT"  units = "", desc = "", flags = ParameterFlags(0x0)
param "UA1"  units = "", desc = "", flags = ParameterFlags(0x0)
param "UC1"  units = "", desc = "", flags = ParameterFlags(0x0)
param "UD1"  units = "", desc = "", flags = ParameterFlags(0x0)
param "UCSTE"  units = "", desc = "", flags = ParameterFlags(0x0)
param "CHARGEWF"  units = "", desc = "", flags = ParameterFlags(0x0)
param "RDSWMIN"  units = "", desc = "", flags = ParameterFlags(0x0)
param "RDSW"  units = "", desc = "", flags = ParameterFlags(0x0)
param "ARDSW"  units = "", desc = "", flags = ParameterFlags(0x0)
param "BRDSW"  units = "", desc = "", flags = ParameterFlags(0x0)
param "RSWMIN"  units = "", desc = "", flags = ParameterFlags(0x0)
param "RSW"  units = "", desc = "", flags = ParameterFlags(0x0)
param "ARSW"  units = "", desc = "", flags = ParameterFlags(0x0)
param "BRSW"  units = "", desc = "", flags = ParameterFlags(0x0)
param "RDWMIN"  units = "", desc = "", flags = ParameterFlags(0x0)
param "RDW"  units = "", desc = "", flags = ParameterFlags(0x0)
param "ARDW"  units = "", desc = "", flags = ParameterFlags(0x0)
param "BRDW"  units = "", desc = "", flags = ParameterFlags(0x0)
param "RSDR"  units = "", desc = "", flags = ParameterFlags(0x0)
param "RSDRR"  units = "", desc = "", flags = ParameterFlags(0x0)
param "RDDR"  units = "", desc = "", flags = ParameterFlags(0x0)
param "RDDRR"  units = "", desc = "", flags = ParameterFlags(0x0)
param "PRSDR"  units = "", desc = "", flags = ParameterFlags(0x0)
param "PRDDR"  units = "", desc = "", flags = ParameterFlags(0x0)
param "PRWGS"  units = "", desc = "", flags = ParameterFlags(0x0)
param "PRWGD"  units = "", desc = "", flags = ParameterFlags(0x0)
param "WR"  units = "", desc = "", flags = ParameterFlags(0x0)
param "PRT"  units = "", desc = "", flags = ParameterFlags(0x0)
param "TRSDR"  units = "", desc = "", flags = ParameterFlags(0x0)
param "TRDDR"  units = "", desc = "", flags = ParameterFlags(0x0)
param "PDIBL1"  units = "", desc = "", flags = ParameterFlags(0x0)
param "PDIBL1R"  units = "", desc = "", flags = ParameterFlags(0x0)
param "PDIBL2"  units = "", desc = "", flags = ParameterFlags(0x0)
param "DROUT"  units = "", desc = "", flags = ParameterFlags(0x0)
param "PVAG"  units = "", desc = "", flags = ParameterFlags(0x0)
param "PCLM"  units = "", desc = "", flags = ParameterFlags(0x0)
param "APCLM"  units = "", desc = "", flags = ParameterFlags(0x0)
param "BPCLM"  units = "", desc = "", flags = ParameterFlags(0x0)
param "PCLMG"  units = "", desc = "", flags = ParameterFlags(0x0)
param "PCLMCV"  units = "", desc = "", flags = ParameterFlags(0x0)
param "A1"  units = "", desc = "", flags = ParameterFlags(0x0)
param "A11"  units = "", desc = "", flags = ParameterFlags(0x0)
param "A2"  units = "", desc = "", flags = ParameterFlags(0x0)
param "A21"  units = "", desc = "", flags = ParameterFlags(0x0)
param "RGEXT"  units = "", desc = "", flags = ParameterFlags(0x0)
param "RGFIN"  units = "", desc = "", flags = ParameterFlags(0x0)
param "RSHS"  units = "", desc = "", flags = ParameterFlags(0x0)
param "RSHD"  units = "", desc = "", flags = ParameterFlags(0x0)
param "HEPI"  units = "", desc = "", flags = ParameterFlags(0x0)
param "TSILI"  units = "", desc = "", flags = ParameterFlags(0x0)
param "RHOC"  units = "", desc = "", flags = ParameterFlags(0x0)
param "RHORSD"  units = "", desc = "", flags = ParameterFlags(0x0)
param "CRATIO"  units = "", desc = "", flags = ParameterFlags(0x0)
param "DELTAPRSD"  units = "", desc = "", flags = ParameterFlags(0x0)
param "SDTERM"  units = "", desc = "", flags = ParameterFlags(PARA_TY_INT)
param "LSP"  units = "", desc = "", flags = ParameterFlags(0x0)
param "EPSRSP"  units = "", desc = "", flags = ParameterFlags(0x0)
param "TGATE"  units = "", desc = "", flags = ParameterFlags(0x0)
param "TMASK"  units = "", desc = "", flags = ParameterFlags(0x0)
param "ASILIEND"  units = "", desc = "", flags = ParameterFlags(0x0)
param "ARSDEND"  units = "", desc = "", flags = ParameterFlags(0x0)
param "PRSDEND"  units = "", desc = "", flags = ParameterFlags(0x0)
param "NSDE"  units = "", desc = "", flags = ParameterFlags(0x0)
param "RGEOA"  units = "", desc = "", flags = ParameterFlags(0x0)
param "RGEOB"  units = "", desc = "", flags = ParameterFlags(0x0)
param "RGEOC"  units = "", desc = "", flags = ParameterFlags(0x0)
param "RGEOD"  units = "", desc = "", flags = ParameterFlags(0x0)
param "RGEOE"  units = "", desc = "", flags = ParameterFlags(0x0)
param "CGEOA"  units = "", desc = "", flags = ParameterFlags(0x0)
param "CGEOB"  units = "", desc = "", flags = ParameterFlags(0x0)
param "CGEOC"  units = "", desc = "", flags = ParameterFlags(0x0)
param "CGEOD"  units = "", desc = "", flags = ParameterFlags(0x0)
param "CGEOE"  units = "", desc = "", flags = ParameterFlags(0x0)
param "AIGBINV"  units = "", desc = "", flags = ParameterFlags(0x0)
param "AIGBINV1"  units = "", desc = "", flags = ParameterFlags(0x0)
param "BIGBINV"  units = "", desc = "", flags = ParameterFlags(0x0)
param "CIGBINV"  units = "", desc = "", flags = ParameterFlags(0x0)
param "EIGBINV"  units = "", desc = "", flags = ParameterFlags(0x0)
param "NIGBINV"  units = "", desc = "", flags = ParameterFlags(0x0)
param "AIGBACC"  units = "", desc = "", flags = ParameterFlags(0x0)
param "AIGBACC1"  units = "", desc = "", flags = ParameterFlags(0x0)
param "BIGBACC"  units = "", desc = "", flags = ParameterFlags(0x0)
param "CIGBACC"  units = "", desc = "", flags = ParameterFlags(0x0)
param "NIGBACC"  units = "", desc = "", flags = ParameterFlags(0x0)
param "AIGC"  units = "", desc = "", flags = ParameterFlags(0x0)
param "AIGC1"  units = "", desc = "", flags = ParameterFlags(0x0)
param "BIGC"  units = "", desc = "", flags = ParameterFlags(0x0)
param "CIGC"  units = "", desc = "", flags = ParameterFlags(0x0)
param "PIGCD"  units = "", desc = "", flags = ParameterFlags(0x0)
param "DLCIGS"  units = "", desc = "", flags = ParameterFlags(0x0)
param "AIGS"  units = "", desc = "", flags = ParameterFlags(0x0)
param "AIGS1"  units = "", desc = "", flags = ParameterFlags(0x0)
param "BIGS"  units = "", desc = "", flags = ParameterFlags(0x0)
param "CIGS"  units = "", desc = "", flags = ParameterFlags(0x0)
param "DLCIGD"  units = "", desc = "", flags = ParameterFlags(0x0)
param "AIGD"  units = "", desc = "", flags = ParameterFlags(0x0)
param "AIGD1"  units = "", desc = "", flags = ParameterFlags(0x0)
param "BIGD"  units = "", desc = "", flags = ParameterFlags(0x0)
param "CIGD"  units = "", desc = "", flags = ParameterFlags(0x0)
param "TOXREF"  units = "", desc = "", flags = ParameterFlags(0x0)
param "TOXG"  units = "", desc = "", flags = ParameterFlags(0x0)
param "NTOX"  units = "", desc = "", flags = ParameterFlags(0x0)
param "POXEDGE"  units = "", desc = "", flags = ParameterFlags(0x0)
param "AGISL"  units = "", desc = "", flags = ParameterFlags(0x0)
param "BGISL"  units = "", desc = "", flags = ParameterFlags(0x0)
param "CGISL"  units = "", desc = "", flags = ParameterFlags(0x0)
param "EGISL"  units = "", desc = "", flags = ParameterFlags(0x0)
param "PGISL"  units = "", desc = "", flags = ParameterFlags(0x0)
param "AGIDL"  units = "", desc = "", flags = ParameterFlags(0x0)
param "BGIDL"  units = "", desc = "", flags = ParameterFlags(0x0)
param "CGIDL"  units = "", desc = "", flags = ParameterFlags(0x0)
param "EGIDL"  units = "", desc = "", flags = ParameterFlags(0x0)
param "PGIDL"  units = "", desc = "", flags = ParameterFlags(0x0)
param "ALPHA0"  units = "", desc = "", flags = ParameterFlags(0x0)
param "ALPHA01"  units = "", desc = "", flags = ParameterFlags(0x0)
param "ALPHA1"  units = "", desc = "", flags = ParameterFlags(0x0)
param "ALPHA11"  units = "", desc = "", flags = ParameterFlags(0x0)
param "BETA0"  units = "", desc = "", flags = ParameterFlags(0x0)
param "ALPHAII0"  units = "", desc = "", flags = ParameterFlags(0x0)
param "ALPHAII01"  units = "", desc = "", flags = ParameterFlags(0x0)
param "ALPHAII1"  units = "", desc = "", flags = ParameterFlags(0x0)
param "ALPHAII11"  units = "", desc = "", flags = ParameterFlags(0x0)
param "BETAII0"  units = "", desc = "", flags = ParameterFlags(0x0)
param "BETAII1"  units = "", desc = "", flags = ParameterFlags(0x0)
param "BETAII2"  units = "", desc = "", flags = ParameterFlags(0x0)
param "ESATII"  units = "", desc = "", flags = ParameterFlags(0x0)
param "LII"  units = "", desc = "", flags = ParameterFlags(0x0)
param "SII0"  units = "", desc = "", flags = ParameterFlags(0x0)
param "SII1"  units = "", desc = "", flags = ParameterFlags(0x0)
param "SII2"  units = "", desc = "", flags = ParameterFlags(0x0)
param "SIID"  units = "", desc = "", flags = ParameterFlags(0x0)
param "EOTACC"  units = "", desc = "", flags = ParameterFlags(0x0)
param "DELVFBACC"  units = "", desc = "", flags = ParameterFlags(0x0)
param "CFS"  units = "", desc = "", flags = ParameterFlags(0x0)
param "CFD"  units = "", desc = "", flags = ParameterFlags(0x0)
param "CGSO"  units = "", desc = "", flags = ParameterFlags(0x0)
param "CGDO"  units = "", desc = "", flags = ParameterFlags(0x0)
param "CGSL"  units = "", desc = "", flags = ParameterFlags(0x0)
param "CGDL"  units = "", desc = "", flags = ParameterFlags(0x0)
param "CKAPPAS"  units = "", desc = "", flags = ParameterFlags(0x0)
param "CKAPPAD"  units = "", desc = "", flags = ParameterFlags(0x0)
param "CGBO"  units = "", desc = "", flags = ParameterFlags(0x0)
param "CGBN"  units = "", desc = "", flags = ParameterFlags(0x0)
param "CGBL"  units = "", desc = "", flags = ParameterFlags(0x0)
param "CKAPPAB"  units = "", desc = "", flags = ParameterFlags(0x0)
param "CSDESW"  units = "", desc = "", flags = ParameterFlags(0x0)
param "CJS"  units = "", desc = "", flags = ParameterFlags(0x0)
param "CJD"  units = "", desc = "", flags = ParameterFlags(0x0)
param "CJSWS"  units = "", desc = "", flags = ParameterFlags(0x0)
param "CJSWD"  units = "", desc = "", flags = ParameterFlags(0x0)
param "CJSWGS"  units = "", desc = "", flags = ParameterFlags(0x0)
param "CJSWGD"  units = "", desc = "", flags = ParameterFlags(0x0)
param "PBS"  units = "", desc = "", flags = ParameterFlags(0x0)
param "PBD"  units = "", desc = "", flags = ParameterFlags(0x0)
param "PBSWS"  units = "", desc = "", flags = ParameterFlags(0x0)
param "PBSWD"  units = "", desc = "", flags = ParameterFlags(0x0)
param "PBSWGS"  units = "", desc = "", flags = ParameterFlags(0x0)
param "PBSWGD"  units = "", desc = "", flags = ParameterFlags(0x0)
param "MJS"  units = "", desc = "", flags = ParameterFlags(0x0)
param "MJD"  units = "", desc = "", flags = ParameterFlags(0x0)
param "MJSWS"  units = "", desc = "", flags = ParameterFlags(0x0)
param "MJSWD"  units = "", desc = "", flags = ParameterFlags(0x0)
param "MJSWGS"  units = "", desc = "", flags = ParameterFlags(0x0)
param "MJSWGD"  units = "", desc = "", flags = ParameterFlags(0x0)
param "SJS"  units = "", desc = "", flags = ParameterFlags(0x0)
param "SJD"  units = "", desc = "", flags = ParameterFlags(0x0)
param "SJSWS"  units = "", desc = "", flags = ParameterFlags(0x0)
param "SJSWD"  units = "", desc = "", flags = ParameterFlags(0x0)
param "SJSWGS"  units = "", desc = "", flags = ParameterFlags(0x0)
param "SJSWGD"  units = "", desc = "", flags = ParameterFlags(0x0)
param "MJS2"  units = "", desc = "", flags = ParameterFlags(0x0)
param "MJD2"  units = "", desc = "", flags = ParameterFlags(0x0)
param "MJSWS2"  units = "", desc = "", flags = ParameterFlags(0x0)
param "MJSWD2"  units = "", desc = "", flags = ParameterFlags(0x0)
param "MJSWGS2"  units = "", desc = "", flags = ParameterFlags(0x0)
param "MJSWGD2"  units = "", desc = "", flags = ParameterFlags(0x0)
param "JSS"  units = "", desc = "", flags = ParameterFlags(0x0)
param "JSD"  units = "", desc = "", flags = ParameterFlags(0x0)
param "JSWS"  units = "", desc = "", flags = ParameterFlags(0x0)
param "JSWD"  units = "", desc = "", flags = ParameterFlags(0x0)
param "JSWGS"  units = "", desc = "", flags = ParameterFlags(0x0)
param "JSWGD"  units = "", desc = "", flags = ParameterFlags(0x0)
param "NJS"  units = "", desc = "", flags = ParameterFlags(0x0)
param "NJD"  units = "", desc = "", flags = ParameterFlags(0x0)
param "IJTHSFWD"  units = "", desc = "", flags = ParameterFlags(0x0)
param "IJTHDFWD"  units = "", desc = "", flags = ParameterFlags(0x0)
param "IJTHSREV"  units = "", desc = "", flags = ParameterFlags(0x0)
param "IJTHDREV"  units = "", desc = "", flags = ParameterFlags(0x0)
param "BVS"  units = "", desc = "", flags = ParameterFlags(0x0)
param "BVD"  units = "", desc = "", flags = ParameterFlags(0x0)
param "XJBVS"  units = "", desc = "", flags = ParameterFlags(0x0)
param "XJBVD"  units = "", desc = "", flags = ParameterFlags(0x0)
param "JTSS"  units = "", desc = "", flags = ParameterFlags(0x0)
param "JTSD"  units = "", desc = "", flags = ParameterFlags(0x0)
param "JTSSWS"  units = "", desc = "", flags = ParameterFlags(0x0)
param "JTSSWD"  units = "", desc = "", flags = ParameterFlags(0x0)
param "JTSSWGS"  units = "", desc = "", flags = ParameterFlags(0x0)
param "JTSSWGD"  units = "", desc = "", flags = ParameterFlags(0x0)
param "JTWEFF"  units = "", desc = "", flags = ParameterFlags(0x0)
param "NJTS"  units = "", desc = "", flags = ParameterFlags(0x0)
param "NJTSD"  units = "", desc = "", flags = ParameterFlags(0x0)
param "NJTSSW"  units = "", desc = "", flags = ParameterFlags(0x0)
param "NJTSSWD"  units = "", desc = "", flags = ParameterFlags(0x0)
param "NJTSSWG"  units = "", desc = "", flags = ParameterFlags(0x0)
param "NJTSSWGD"  units = "", desc = "", flags = ParameterFlags(0x0)
param "VTSS"  units = "", desc = "", flags = ParameterFlags(0x0)
param "VTSD"  units = "", desc = "", flags = ParameterFlags(0x0)
param "VTSSWS"  units = "", desc = "", flags = ParameterFlags(0x0)
param "VTSSWD"  units = "", desc = "", flags = ParameterFlags(0x0)
param "VTSSWGS"  units = "", desc = "", flags = ParameterFlags(0x0)
param "VTSSWGD"  units = "", desc = "", flags = ParameterFlags(0x0)
param "LINTIGEN"  units = "", desc = "", flags = ParameterFlags(0x0)
param "NTGEN"  units = "", desc = "", flags = ParameterFlags(0x0)
param "AIGEN"  units = "", desc = "", flags = ParameterFlags(0x0)
param "BIGEN"  units = "", desc = "", flags = ParameterFlags(0x0)
param "XRCRG1"  units = "", desc = "", flags = ParameterFlags(0x0)
param "XRCRG2"  units = "", desc = "", flags = ParameterFlags(0x0)
param "NSEG"  units = "", desc = "", flags = ParameterFlags(PARA_TY_INT)
param "EF"  units = "", desc = "", flags = ParameterFlags(0x0)
param "EM"  units = "", desc = "", flags = ParameterFlags(0x0)
param "NOIA"  units = "", desc = "", flags = ParameterFlags(0x0)
param "NOIB"  units = "", desc = "", flags = ParameterFlags(0x0)
param "NOIC"  units = "", desc = "", flags = ParameterFlags(0x0)
param "NTNOI"  units = "", desc = "", flags = ParameterFlags(0x0)
param "TNOM"  units = "", desc = "", flags = ParameterFlags(0x0)
param "TBGASUB"  units = "", desc = "", flags = ParameterFlags(0x0)
param "TBGBSUB"  units = "", desc = "", flags = ParameterFlags(0x0)
param "KT1"  units = "", desc = "", flags = ParameterFlags(0x0)
param "KT1L"  units = "", desc = "", flags = ParameterFlags(0x0)
param "TSS"  units = "", desc = "", flags = ParameterFlags(0x0)
param "IIT"  units = "", desc = "", flags = ParameterFlags(0x0)
param "TII"  units = "", desc = "", flags = ParameterFlags(0x0)
param "TGIDL"  units = "", desc = "", flags = ParameterFlags(0x0)
param "IGT"  units = "", desc = "", flags = ParameterFlags(0x0)
param "TCJ"  units = "", desc = "", flags = ParameterFlags(0x0)
param "TCJSW"  units = "", desc = "", flags = ParameterFlags(0x0)
param "TCJSWG"  units = "", desc = "", flags = ParameterFlags(0x0)
param "TPB"  units = "", desc = "", flags = ParameterFlags(0x0)
param "TPBSW"  units = "", desc = "", flags = ParameterFlags(0x0)
param "TPBSWG"  units = "", desc = "", flags = ParameterFlags(0x0)
param "XTIS"  units = "", desc = "", flags = ParameterFlags(0x0)
param "XTID"  units = "", desc = "", flags = ParameterFlags(0x0)
param "XTSS"  units = "", desc = "", flags = ParameterFlags(0x0)
param "XTSD"  units = "", desc = "", flags = ParameterFlags(0x0)
param "XTSSWS"  units = "", desc = "", flags = ParameterFlags(0x0)
param "XTSSWD"  units = "", desc = "", flags = ParameterFlags(0x0)
param "XTSSWGS"  units = "", desc = "", flags = ParameterFlags(0x0)
param "XTSSWGD"  units = "", desc = "", flags = ParameterFlags(0x0)
param "TNJTS"  units = "", desc = "", flags = ParameterFlags(0x0)
param "TNJTSD"  units = "", desc = "", flags = ParameterFlags(0x0)
param "TNJTSSW"  units = "", desc = "", flags = ParameterFlags(0x0)
param "TNJTSSWD"  units = "", desc = "", flags = ParameterFlags(0x0)
param "TNJTSSWG"  units = "", desc = "", flags = ParameterFlags(0x0)
param "TNJTSSWGD"  units = "", desc = "", flags = ParameterFlags(0x0)
param "RTH0"  units = "", desc = "", flags = ParameterFlags(0x0)
param "CTH0"  units = "", desc = "", flags = ParameterFlags(0x0)
param "WTH0"  units = "", desc = "", flags = ParameterFlags(0x0)
param "LNBODY"  units = "", desc = "", flags = ParameterFlags(0x0)
param "NNBODY"  units = "", desc = "", flags = ParameterFlags(0x0)
param "PNBODY"  units = "", desc = "", flags = ParameterFlags(0x0)
param "LPHIG"  units = "", desc = "", flags = ParameterFlags(0x0)
param "NPHIG"  units = "", desc = "", flags = ParameterFlags(0x0)
param "PPHIG"  units = "", desc = "", flags = ParameterFlags(0x0)
param "LNGATE"  units = "", desc = "", flags = ParameterFlags(0x0)
param "NNGATE"  units = "", desc = "", flags = ParameterFlags(0x0)
param "PNGATE"  units = "", desc = "", flags = ParameterFlags(0x0)
param "LCIT"  units = "", desc = "", flags = ParameterFlags(0x0)
param "NCIT"  units = "", desc = "", flags = ParameterFlags(0x0)
param "PCIT"  units = "", desc = "", flags = ParameterFlags(0x0)
param "LCDSC"  units = "", desc = "", flags = ParameterFlags(0x0)
param "NCDSC"  units = "", desc = "", flags = ParameterFlags(0x0)
param "PCDSC"  units = "", desc = "", flags = ParameterFlags(0x0)
param "LCDSCD"  units = "", desc = "", flags = ParameterFlags(0x0)
param "NCDSCD"  units = "", desc = "", flags = ParameterFlags(0x0)
param "PCDSCD"  units = "", desc = "", flags = ParameterFlags(0x0)
param "LCDSCDR"  units = "", desc = "", flags = ParameterFlags(0x0)
param "NCDSCDR"  units = "", desc = "", flags = ParameterFlags(0x0)
param "PCDSCDR"  units = "", desc = "", flags = ParameterFlags(0x0)
param "LDVT0"  units = "", desc = "", flags = ParameterFlags(0x0)
param "NDVT0"  units = "", desc = "", flags = ParameterFlags(0x0)
param "PDVT0"  units = "", desc = "", flags = ParameterFlags(0x0)
param "LDVT1"  units = "", desc = "", flags = ParameterFlags(0x0)
param "NDVT1"  units = "", desc = "", flags = ParameterFlags(0x0)
param "PDVT1"  units = "", desc = "", flags = ParameterFlags(0x0)
param "LDVT1SS"  units = "", desc = "", flags = ParameterFlags(0x0)
param "NDVT1SS"  units = "", desc = "", flags = ParameterFlags(0x0)
param "PDVT1SS"  units = "", desc = "", flags = ParameterFlags(0x0)
param "LPHIN"  units = "", desc = "", flags = ParameterFlags(0x0)
param "NPHIN"  units = "", desc = "", flags = ParameterFlags(0x0)
param "PPHIN"  units = "", desc = "", flags = ParameterFlags(0x0)
param "LETA0"  units = "", desc = "", flags = ParameterFlags(0x0)
param "NETA0"  units = "", desc = "", flags = ParameterFlags(0x0)
param "PETA0"  units = "", desc = "", flags = ParameterFlags(0x0)
param "LETA0R"  units = "", desc = "", flags = ParameterFlags(0x0)
param "NETA0R"  units = "", desc = "", flags = ParameterFlags(0x0)
param "PETA0R"  units = "", desc = "", flags = ParameterFlags(0x0)
param "LDSUB"  units = "", desc = "", flags = ParameterFlags(0x0)
param "NDSUB"  units = "", desc = "", flags = ParameterFlags(0x0)
param "PDSUB"  units = "", desc = "", flags = ParameterFlags(0x0)
param "LK1RSCE"  units = "", desc = "", flags = ParameterFlags(0x0)
param "NK1RSCE"  units = "", desc = "", flags = ParameterFlags(0x0)
param "PK1RSCE"  units = "", desc = "", flags = ParameterFlags(0x0)
param "LLPE0"  units = "", desc = "", flags = ParameterFlags(0x0)
param "NLPE0"  units = "", desc = "", flags = ParameterFlags(0x0)
param "PLPE0"  units = "", desc = "", flags = ParameterFlags(0x0)
param "LDVTSHIFT"  units = "", desc = "", flags = ParameterFlags(0x0)
param "NDVTSHIFT"  units = "", desc = "", flags = ParameterFlags(0x0)
param "PDVTSHIFT"  units = "", desc = "", flags = ParameterFlags(0x0)
param "LPHIBE"  units = "", desc = "", flags = ParameterFlags(0x0)
param "NPHIBE"  units = "", desc = "", flags = ParameterFlags(0x0)
param "PPHIBE"  units = "", desc = "", flags = ParameterFlags(0x0)
param "LK0"  units = "", desc = "", flags = ParameterFlags(0x0)
param "NK0"  units = "", desc = "", flags = ParameterFlags(0x0)
param "PK0"  units = "", desc = "", flags = ParameterFlags(0x0)
param "LK01"  units = "", desc = "", flags = ParameterFlags(0x0)
param "NK01"  units = "", desc = "", flags = ParameterFlags(0x0)
param "PK01"  units = "", desc = "", flags = ParameterFlags(0x0)
param "LK0SI"  units = "", desc = "", flags = ParameterFlags(0x0)
param "NK0SI"  units = "", desc = "", flags = ParameterFlags(0x0)
param "PK0SI"  units = "", desc = "", flags = ParameterFlags(0x0)
param "LK0SI1"  units = "", desc = "", flags = ParameterFlags(0x0)
param "NK0SI1"  units = "", desc = "", flags = ParameterFlags(0x0)
param "PK0SI1"  units = "", desc = "", flags = ParameterFlags(0x0)
param "LK1SI"  units = "", desc = "", flags = ParameterFlags(0x0)
param "NK1SI"  units = "", desc = "", flags = ParameterFlags(0x0)
param "PK1SI"  units = "", desc = "", flags = ParameterFlags(0x0)
param "LK1SI1"  units = "", desc = "", flags = ParameterFlags(0x0)
param "NK1SI1"  units = "", desc = "", flags = ParameterFlags(0x0)
param "PK1SI1"  units = "", desc = "", flags = ParameterFlags(0x0)
param "LK1"  units = "", desc = "", flags = ParameterFlags(0x0)
param "NK1"  units = "", desc = "", flags = ParameterFlags(0x0)
param "PK1"  units = "", desc = "", flags = ParameterFlags(0x0)
param "LK11"  units = "", desc = "", flags = ParameterFlags(0x0)
param "NK11"  units = "", desc = "", flags = ParameterFlags(0x0)
param "PK11"  units = "", desc = "", flags = ParameterFlags(0x0)
param "LK1SAT"  units = "", desc = "", flags = ParameterFlags(0x0)
param "NK1SAT"  units = "", desc = "", flags = ParameterFlags(0x0)
param "PK1SAT"  units = "", desc = "", flags = ParameterFlags(0x0)
param "LK1SAT1"  units = "", desc = "", flags = ParameterFlags(0x0)
param "NK1SAT1"  units = "", desc = "", flags = ParameterFlags(0x0)
param "PK1SAT1"  units = "", desc = "", flags = ParameterFlags(0x0)
param "LDVTB"  units = "", desc = "", flags = ParameterFlags(0x0)
param "NDVTB"  units = "", desc = "", flags = ParameterFlags(0x0)
param "PDVTB"  units = "", desc = "", flags = ParameterFlags(0x0)
param "LLPEB"  units = "", desc = "", flags = ParameterFlags(0x0)
param "NLPEB"  units = "", desc = "", flags = ParameterFlags(0x0)
param "PLPEB"  units = "", desc = "", flags = ParameterFlags(0x0)
param "LQMFACTOR"  units = "", desc = "", flags = ParameterFlags(0x0)
param "NQMFACTOR"  units = "", desc = "", flags = ParameterFlags(0x0)
param "PQMFACTOR"  units = "", desc = "", flags = ParameterFlags(0x0)
param "LQMTCENIV"  units = "", desc = "", flags = ParameterFlags(0x0)
param "NQMTCENIV"  units = "", desc = "", flags = ParameterFlags(0x0)
param "PQMTCENIV"  units = "", desc = "", flags = ParameterFlags(0x0)
param "LQMTCENCV"  units = "", desc = "", flags = ParameterFlags(0x0)
param "NQMTCENCV"  units = "", desc = "", flags = ParameterFlags(0x0)
param "PQMTCENCV"  units = "", desc = "", flags = ParameterFlags(0x0)
param "LQMTCENCVA"  units = "", desc = "", flags = ParameterFlags(0x0)
param "NQMTCENCVA"  units = "", desc = "", flags = ParameterFlags(0x0)
param "PQMTCENCVA"  units = "", desc = "", flags = ParameterFlags(0x0)
param "LVSAT"  units = "", desc = "", flags = ParameterFlags(0x0)
param "NVSAT"  units = "", desc = "", flags = ParameterFlags(0x0)
param "PVSAT"  units = "", desc = "", flags = ParameterFlags(0x0)
param "LVSAT1"  units = "", desc = "", flags = ParameterFlags(0x0)
param "NVSAT1"  units = "", desc = "", flags = ParameterFlags(0x0)
param "PVSAT1"  units = "", desc = "", flags = ParameterFlags(0x0)
param "LVSAT1R"  units = "", desc = "", flags = ParameterFlags(0x0)
param "NVSAT1R"  units = "", desc = "", flags = ParameterFlags(0x0)
param "PVSAT1R"  units = "", desc = "", flags = ParameterFlags(0x0)
param "LPSAT"  units = "", desc = "", flags = ParameterFlags(0x0)
param "NPSAT"  units = "", desc = "", flags = ParameterFlags(0x0)
param "PPSAT"  units = "", desc = "", flags = ParameterFlags(0x0)
param "LDELTAVSAT"  units = "", desc = "", flags = ParameterFlags(0x0)
param "NDELTAVSAT"  units = "", desc = "", flags = ParameterFlags(0x0)
param "PDELTAVSAT"  units = "", desc = "", flags = ParameterFlags(0x0)
param "LKSATIV"  units = "", desc = "", flags = ParameterFlags(0x0)
param "NKSATIV"  units = "", desc = "", flags = ParameterFlags(0x0)
param "PKSATIV"  units = "", desc = "", flags = ParameterFlags(0x0)
param "LVSATCV"  units = "", desc = "", flags = ParameterFlags(0x0)
param "NVSATCV"  units = "", desc = "", flags = ParameterFlags(0x0)
param "PVSATCV"  units = "", desc = "", flags = ParameterFlags(0x0)
param "LPSATCV"  units = "", desc = "", flags = ParameterFlags(0x0)
param "NPSATCV"  units = "", desc = "", flags = ParameterFlags(0x0)
param "PPSATCV"  units = "", desc = "", flags = ParameterFlags(0x0)
param "LDELTAVSATCV"  units = "", desc = "", flags = ParameterFlags(0x0)
param "NDELTAVSATCV"  units = "", desc = "", flags = ParameterFlags(0x0)
param "PDELTAVSATCV"  units = "", desc = "", flags = ParameterFlags(0x0)
param "LMEXP"  units = "", desc = "", flags = ParameterFlags(0x0)
param "NMEXP"  units = "", desc = "", flags = ParameterFlags(0x0)
param "PMEXP"  units = "", desc = "", flags = ParameterFlags(0x0)
param "LMEXPR"  units = "", desc = "", flags = ParameterFlags(0x0)
param "NMEXPR"  units = "", desc = "", flags = ParameterFlags(0x0)
param "PMEXPR"  units = "", desc = "", flags = ParameterFlags(0x0)
param "LPTWG"  units = "", desc = "", flags = ParameterFlags(0x0)
param "NPTWG"  units = "", desc = "", flags = ParameterFlags(0x0)
param "PPTWG"  units = "", desc = "", flags = ParameterFlags(0x0)
param "LPTWGR"  units = "", desc = "", flags = ParameterFlags(0x0)
param "NPTWGR"  units = "", desc = "", flags = ParameterFlags(0x0)
param "PPTWGR"  units = "", desc = "", flags = ParameterFlags(0x0)
param "LU0"  units = "", desc = "", flags = ParameterFlags(0x0)
param "NU0"  units = "", desc = "", flags = ParameterFlags(0x0)
param "PU0"  units = "", desc = "", flags = ParameterFlags(0x0)
param "LETAMOB"  units = "", desc = "", flags = ParameterFlags(0x0)
param "NETAMOB"  units = "", desc = "", flags = ParameterFlags(0x0)
param "PETAMOB"  units = "", desc = "", flags = ParameterFlags(0x0)
param "LUP"  units = "", desc = "", flags = ParameterFlags(0x0)
param "NUP"  units = "", desc = "", flags = ParameterFlags(0x0)
param "PUP"  units = "", desc = "", flags = ParameterFlags(0x0)
param "LUA"  units = "", desc = "", flags = ParameterFlags(0x0)
param "NUA"  units = "", desc = "", flags = ParameterFlags(0x0)
param "PUA"  units = "", desc = "", flags = ParameterFlags(0x0)
param "LUC"  units = "", desc = "", flags = ParameterFlags(0x0)
param "NUC"  units = "", desc = "", flags = ParameterFlags(0x0)
param "PUC"  units = "", desc = "", flags = ParameterFlags(0x0)
param "LEU"  units = "", desc = "", flags = ParameterFlags(0x0)
param "NEU"  units = "", desc = "", flags = ParameterFlags(0x0)
param "PEU"  units = "", desc = "", flags = ParameterFlags(0x0)
param "LUD"  units = "", desc = "", flags = ParameterFlags(0x0)
param "NUD"  units = "", desc = "", flags = ParameterFlags(0x0)
param "PUD"  units = "", desc = "", flags = ParameterFlags(0x0)
param "LUCS"  units = "", desc = "", flags = ParameterFlags(0x0)
param "NUCS"  units = "", desc = "", flags = ParameterFlags(0x0)
param "PUCS"  units = "", desc = "", flags = ParameterFlags(0x0)
param "LPCLM"  units = "", desc = "", flags = ParameterFlags(0x0)
param "NPCLM"  units = "", desc = "", flags = ParameterFlags(0x0)
param "PPCLM"  units = "", desc = "", flags = ParameterFlags(0x0)
param "LPCLMG"  units = "", desc = "", flags = ParameterFlags(0x0)
param "NPCLMG"  units = "", desc = "", flags = ParameterFlags(0x0)
param "PPCLMG"  units = "", desc = "", flags = ParameterFlags(0x0)
param "LPCLMCV"  units = "", desc = "", flags = ParameterFlags(0x0)
param "NPCLMCV"  units = "", desc = "", flags = ParameterFlags(0x0)
param "PPCLMCV"  units = "", desc = "", flags = ParameterFlags(0x0)
param "LA1"  units = "", desc = "", flags = ParameterFlags(0x0)
param "NA1"  units = "", desc = "", flags = ParameterFlags(0x0)
param "PA1"  units = "", desc = "", flags = ParameterFlags(0x0)
param "LA11"  units = "", desc = "", flags = ParameterFlags(0x0)
param "NA11"  units = "", desc = "", flags = ParameterFlags(0x0)
param "PA11"  units = "", desc = "", flags = ParameterFlags(0x0)
param "LA2"  units = "", desc = "", flags = ParameterFlags(0x0)
param "NA2"  units = "", desc = "", flags = ParameterFlags(0x0)
param "PA2"  units = "", desc = "", flags = ParameterFlags(0x0)
param "LA21"  units = "", desc = "", flags = ParameterFlags(0x0)
param "NA21"  units = "", desc = "", flags = ParameterFlags(0x0)
param "PA21"  units = "", desc = "", flags = ParameterFlags(0x0)
param "LRDSW"  units = "", desc = "", flags = ParameterFlags(0x0)
param "NRDSW"  units = "", desc = "", flags = ParameterFlags(0x0)
param "PRDSW"  units = "", desc = "", flags = ParameterFlags(0x0)
param "LRSW"  units = "", desc = "", flags = ParameterFlags(0x0)
param "NRSW"  units = "", desc = "", flags = ParameterFlags(0x0)
param "PRSW"  units = "", desc = "", flags = ParameterFlags(0x0)
param "LRDW"  units = "", desc = "", flags = ParameterFlags(0x0)
param "NRDW"  units = "", desc = "", flags = ParameterFlags(0x0)
param "PRDW"  units = "", desc = "", flags = ParameterFlags(0x0)
param "LPRWGS"  units = "", desc = "", flags = ParameterFlags(0x0)
param "NPRWGS"  units = "", desc = "", flags = ParameterFlags(0x0)
param "PPRWGS"  units = "", desc = "", flags = ParameterFlags(0x0)
param "LPRWGD"  units = "", desc = "", flags = ParameterFlags(0x0)
param "NPRWGD"  units = "", desc = "", flags = ParameterFlags(0x0)
param "PPRWGD"  units = "", desc = "", flags = ParameterFlags(0x0)
param "LWR"  units = "", desc = "", flags = ParameterFlags(0x0)
param "NWR"  units = "", desc = "", flags = ParameterFlags(0x0)
param "PWR"  units = "", desc = "", flags = ParameterFlags(0x0)
param "LPDIBL1"  units = "", desc = "", flags = ParameterFlags(0x0)
param "NPDIBL1"  units = "", desc = "", flags = ParameterFlags(0x0)
param "PPDIBL1"  units = "", desc = "", flags = ParameterFlags(0x0)
param "LPDIBL1R"  units = "", desc = "", flags = ParameterFlags(0x0)
param "NPDIBL1R"  units = "", desc = "", flags = ParameterFlags(0x0)
param "PPDIBL1R"  units = "", desc = "", flags = ParameterFlags(0x0)
param "LPDIBL2"  units = "", desc = "", flags = ParameterFlags(0x0)
param "NPDIBL2"  units = "", desc = "", flags = ParameterFlags(0x0)
param "PPDIBL2"  units = "", desc = "", flags = ParameterFlags(0x0)
param "LDROUT"  units = "", desc = "", flags = ParameterFlags(0x0)
param "NDROUT"  units = "", desc = "", flags = ParameterFlags(0x0)
param "PDROUT"  units = "", desc = "", flags = ParameterFlags(0x0)
param "LPVAG"  units = "", desc = "", flags = ParameterFlags(0x0)
param "NPVAG"  units = "", desc = "", flags = ParameterFlags(0x0)
param "PPVAG"  units = "", desc = "", flags = ParameterFlags(0x0)
param "LAIGBINV"  units = "", desc = "", flags = ParameterFlags(0x0)
param "NAIGBINV"  units = "", desc = "", flags = ParameterFlags(0x0)
param "PAIGBINV"  units = "", desc = "", flags = ParameterFlags(0x0)
param "LAIGBINV1"  units = "", desc = "", flags = ParameterFlags(0x0)
param "NAIGBINV1"  units = "", desc = "", flags = ParameterFlags(0x0)
param "PAIGBINV1"  units = "", desc = "", flags = ParameterFlags(0x0)
param "LBIGBINV"  units = "", desc = "", flags = ParameterFlags(0x0)
param "NBIGBINV"  units = "", desc = "", flags = ParameterFlags(0x0)
param "PBIGBINV"  units = "", desc = "", flags = ParameterFlags(0x0)
param "LCIGBINV"  units = "", desc = "", flags = ParameterFlags(0x0)
param "NCIGBINV"  units = "", desc = "", flags = ParameterFlags(0x0)
param "PCIGBINV"  units = "", desc = "", flags = ParameterFlags(0x0)
param "LEIGBINV"  units = "", desc = "", flags = ParameterFlags(0x0)
param "NEIGBINV"  units = "", desc = "", flags = ParameterFlags(0x0)
param "PEIGBINV"  units = "", desc = "", flags = ParameterFlags(0x0)
param "LNIGBINV"  units = "", desc = "", flags = ParameterFlags(0x0)
param "NNIGBINV"  units = "", desc = "", flags = ParameterFlags(0x0)
param "PNIGBINV"  units = "", desc = "", flags = ParameterFlags(0x0)
param "LAIGBACC"  units = "", desc = "", flags = ParameterFlags(0x0)
param "NAIGBACC"  units = "", desc = "", flags = ParameterFlags(0x0)
param "PAIGBACC"  units = "", desc = "", flags = ParameterFlags(0x0)
param "LAIGBACC1"  units = "", desc = "", flags = ParameterFlags(0x0)
param "NAIGBACC1"  units = "", desc = "", flags = ParameterFlags(0x0)
param "PAIGBACC1"  units = "", desc = "", flags = ParameterFlags(0x0)
param "LBIGBACC"  units = "", desc = "", flags = ParameterFlags(0x0)
param "NBIGBACC"  units = "", desc = "", flags = ParameterFlags(0x0)
param "PBIGBACC"  units = "", desc = "", flags = ParameterFlags(0x0)
param "LCIGBACC"  units = "", desc = "", flags = ParameterFlags(0x0)
param "NCIGBACC"  units = "", desc = "", flags = ParameterFlags(0x0)
param "PCIGBACC"  units = "", desc = "", flags = ParameterFlags(0x0)
param "LNIGBACC"  units = "", desc = "", flags = ParameterFlags(0x0)
param "NNIGBACC"  units = "", desc = "", flags = ParameterFlags(0x0)
param "PNIGBACC"  units = "", desc = "", flags = ParameterFlags(0x0)
param "LAIGC"  units = "", desc = "", flags = ParameterFlags(0x0)
param "NAIGC"  units = "", desc = "", flags = ParameterFlags(0x0)
param "PAIGC"  units = "", desc = "", flags = ParameterFlags(0x0)
param "LAIGC1"  units = "", desc = "", flags = ParameterFlags(0x0)
param "NAIGC1"  units = "", desc = "", flags = ParameterFlags(0x0)
param "PAIGC1"  units = "", desc = "", flags = ParameterFlags(0x0)
param "LBIGC"  units = "", desc = "", flags = ParameterFlags(0x0)
param "NBIGC"  units = "", desc = "", flags = ParameterFlags(0x0)
param "PBIGC"  units = "", desc = "", flags = ParameterFlags(0x0)
param "LCIGC"  units = "", desc = "", flags = ParameterFlags(0x0)
param "NCIGC"  units = "", desc = "", flags = ParameterFlags(0x0)
param "PCIGC"  units = "", desc = "", flags = ParameterFlags(0x0)
param "LPIGCD"  units = "", desc = "", flags = ParameterFlags(0x0)
param "NPIGCD"  units = "", desc = "", flags = ParameterFlags(0x0)
param "PPIGCD"  units = "", desc = "", flags = ParameterFlags(0x0)
param "LAIGS"  units = "", desc = "", flags = ParameterFlags(0x0)
param "NAIGS"  units = "", desc = "", flags = ParameterFlags(0x0)
param "PAIGS"  units = "", desc = "", flags = ParameterFlags(0x0)
param "LAIGS1"  units = "", desc = "", flags = ParameterFlags(0x0)
param "NAIGS1"  units = "", desc = "", flags = ParameterFlags(0x0)
param "PAIGS1"  units = "", desc = "", flags = ParameterFlags(0x0)
param "LBIGS"  units = "", desc = "", flags = ParameterFlags(0x0)
param "NBIGS"  units = "", desc = "", flags = ParameterFlags(0x0)
param "PBIGS"  units = "", desc = "", flags = ParameterFlags(0x0)
param "LCIGS"  units = "", desc = "", flags = ParameterFlags(0x0)
param "NCIGS"  units = "", desc = "", flags = ParameterFlags(0x0)
param "PCIGS"  units = "", desc = "", flags = ParameterFlags(0x0)
param "LAIGD"  units = "", desc = "", flags = ParameterFlags(0x0)
param "NAIGD"  units = "", desc = "", flags = ParameterFlags(0x0)
param "PAIGD"  units = "", desc = "", flags = ParameterFlags(0x0)
param "LAIGD1"  units = "", desc = "", flags = ParameterFlags(0x0)
param "NAIGD1"  units = "", desc = "", flags = ParameterFlags(0x0)
param "PAIGD1"  units = "", desc = "", flags = ParameterFlags(0x0)
param "LBIGD"  units = "", desc = "", flags = ParameterFlags(0x0)
param "NBIGD"  units = "", desc = "", flags = ParameterFlags(0x0)
param "PBIGD"  units = "", desc = "", flags = ParameterFlags(0x0)
param "LCIGD"  units = "", desc = "", flags = ParameterFlags(0x0)
param "NCIGD"  units = "", desc = "", flags = ParameterFlags(0x0)
param "PCIGD"  units = "", desc = "", flags = ParameterFlags(0x0)
param "LNTOX"  units = "", desc = "", flags = ParameterFlags(0x0)
param "NNTOX"  units = "", desc = "", flags = ParameterFlags(0x0)
param "PNTOX"  units = "", desc = "", flags = ParameterFlags(0x0)
param "LPOXEDGE"  units = "", desc = "", flags = ParameterFlags(0x0)
param "NPOXEDGE"  units = "", desc = "", flags = ParameterFlags(0x0)
param "PPOXEDGE"  units = "", desc = "", flags = ParameterFlags(0x0)
param "LAGISL"  units = "", desc = "", flags = ParameterFlags(0x0)
param "NAGISL"  units = "", desc = "", flags = ParameterFlags(0x0)
param "PAGISL"  units = "", desc = "", flags = ParameterFlags(0x0)
param "LBGISL"  units = "", desc = "", flags = ParameterFlags(0x0)
param "NBGISL"  units = "", desc = "", flags = ParameterFlags(0x0)
param "PBGISL"  units = "", desc = "", flags = ParameterFlags(0x0)
param "LCGISL"  units = "", desc = "", flags = ParameterFlags(0x0)
param "NCGISL"  units = "", desc = "", flags = ParameterFlags(0x0)
param "PCGISL"  units = "", desc = "", flags = ParameterFlags(0x0)
param "LEGISL"  units = "", desc = "", flags = ParameterFlags(0x0)
param "NEGISL"  units = "", desc = "", flags = ParameterFlags(0x0)
param "PEGISL"  units = "", desc = "", flags = ParameterFlags(0x0)
param "LPGISL"  units = "", desc = "", flags = ParameterFlags(0x0)
param "NPGISL"  units = "", desc = "", flags = ParameterFlags(0x0)
param "PPGISL"  units = "", desc = "", flags = ParameterFlags(0x0)
param "LAGIDL"  units = "", desc = "", flags = ParameterFlags(0x0)
param "NAGIDL"  units = "", desc = "", flags = ParameterFlags(0x0)
param "PAGIDL"  units = "", desc = "", flags = ParameterFlags(0x0)
param "LBGIDL"  units = "", desc = "", flags = ParameterFlags(0x0)
param "NBGIDL"  units = "", desc = "", flags = ParameterFlags(0x0)
param "PBGIDL"  units = "", desc = "", flags = ParameterFlags(0x0)
param "LCGIDL"  units = "", desc = "", flags = ParameterFlags(0x0)
param "NCGIDL"  units = "", desc = "", flags = ParameterFlags(0x0)
param "PCGIDL"  units = "", desc = "", flags = ParameterFlags(0x0)
param "LEGIDL"  units = "", desc = "", flags = ParameterFlags(0x0)
param "NEGIDL"  units = "", desc = "", flags = ParameterFlags(0x0)
param "PEGIDL"  units = "", desc = "", flags = ParameterFlags(0x0)
param "LPGIDL"  units = "", desc = "", flags = ParameterFlags(0x0)
param "NPGIDL"  units = "", desc = "", flags = ParameterFlags(0x0)
param "PPGIDL"  units = "", desc = "", flags = ParameterFlags(0x0)
param "LALPHA0"  units = "", desc = "", flags = ParameterFlags(0x0)
param "NALPHA0"  units = "", desc = "", flags = ParameterFlags(0x0)
param "PALPHA0"  units = "", desc = "", flags = ParameterFlags(0x0)
param "LALPHA1"  units = "", desc = "", flags = ParameterFlags(0x0)
param "NALPHA1"  units = "", desc = "", flags = ParameterFlags(0x0)
param "PALPHA1"  units = "", desc = "", flags = ParameterFlags(0x0)
param "LALPHAII0"  units = "", desc = "", flags = ParameterFlags(0x0)
param "NALPHAII0"  units = "", desc = "", flags = ParameterFlags(0x0)
param "PALPHAII0"  units = "", desc = "", flags = ParameterFlags(0x0)
param "LALPHAII1"  units = "", desc = "", flags = ParameterFlags(0x0)
param "NALPHAII1"  units = "", desc = "", flags = ParameterFlags(0x0)
param "PALPHAII1"  units = "", desc = "", flags = ParameterFlags(0x0)
param "LBETA0"  units = "", desc = "", flags = ParameterFlags(0x0)
param "NBETA0"  units = "", desc = "", flags = ParameterFlags(0x0)
param "PBETA0"  units = "", desc = "", flags = ParameterFlags(0x0)
param "LBETAII0"  units = "", desc = "", flags = ParameterFlags(0x0)
param "NBETAII0"  units = "", desc = "", flags = ParameterFlags(0x0)
param "PBETAII0"  units = "", desc = "", flags = ParameterFlags(0x0)
param "LBETAII1"  units = "", desc = "", flags = ParameterFlags(0x0)
param "NBETAII1"  units = "", desc = "", flags = ParameterFlags(0x0)
param "PBETAII1"  units = "", desc = "", flags = ParameterFlags(0x0)
param "LBETAII2"  units = "", desc = "", flags = ParameterFlags(0x0)
param "NBETAII2"  units = "", desc = "", flags = ParameterFlags(0x0)
param "PBETAII2"  units = "", desc = "", flags = ParameterFlags(0x0)
param "LESATII"  units = "", desc = "", flags = ParameterFlags(0x0)
param "NESATII"  units = "", desc = "", flags = ParameterFlags(0x0)
param "PESATII"  units = "", desc = "", flags = ParameterFlags(0x0)
param "LLII"  units = "", desc = "", flags = ParameterFlags(0x0)
param "NLII"  units = "", desc = "", flags = ParameterFlags(0x0)
param "PLII"  units = "", desc = "", flags = ParameterFlags(0x0)
param "LSII0"  units = "", desc = "", flags = ParameterFlags(0x0)
param "NSII0"  units = "", desc = "", flags = ParameterFlags(0x0)
param "PSII0"  units = "", desc = "", flags = ParameterFlags(0x0)
param "LSII1"  units = "", desc = "", flags = ParameterFlags(0x0)
param "NSII1"  units = "", desc = "", flags = ParameterFlags(0x0)
param "PSII1"  units = "", desc = "", flags = ParameterFlags(0x0)
param "LSII2"  units = "", desc = "", flags = ParameterFlags(0x0)
param "NSII2"  units = "", desc = "", flags = ParameterFlags(0x0)
param "PSII2"  units = "", desc = "", flags = ParameterFlags(0x0)
param "LSIID"  units = "", desc = "", flags = ParameterFlags(0x0)
param "NSIID"  units = "", desc = "", flags = ParameterFlags(0x0)
param "PSIID"  units = "", desc = "", flags = ParameterFlags(0x0)
param "LCFS"  units = "", desc = "", flags = ParameterFlags(0x0)
param "NCFS"  units = "", desc = "", flags = ParameterFlags(0x0)
param "PCFS"  units = "", desc = "", flags = ParameterFlags(0x0)
param "LCFD"  units = "", desc = "", flags = ParameterFlags(0x0)
param "NCFD"  units = "", desc = "", flags = ParameterFlags(0x0)
param "PCFD"  units = "", desc = "", flags = ParameterFlags(0x0)
param "LCOVS"  units = "", desc = "", flags = ParameterFlags(0x0)
param "NCOVS"  units = "", desc = "", flags = ParameterFlags(0x0)
param "PCOVS"  units = "", desc = "", flags = ParameterFlags(0x0)
param "LCOVD"  units = "", desc = "", flags = ParameterFlags(0x0)
param "NCOVD"  units = "", desc = "", flags = ParameterFlags(0x0)
param "PCOVD"  units = "", desc = "", flags = ParameterFlags(0x0)
param "LCGSL"  units = "", desc = "", flags = ParameterFlags(0x0)
param "NCGSL"  units = "", desc = "", flags = ParameterFlags(0x0)
param "PCGSL"  units = "", desc = "", flags = ParameterFlags(0x0)
param "LCGDL"  units = "", desc = "", flags = ParameterFlags(0x0)
param "NCGDL"  units = "", desc = "", flags = ParameterFlags(0x0)
param "PCGDL"  units = "", desc = "", flags = ParameterFlags(0x0)
param "LCKAPPAS"  units = "", desc = "", flags = ParameterFlags(0x0)
param "NCKAPPAS"  units = "", desc = "", flags = ParameterFlags(0x0)
param "PCKAPPAS"  units = "", desc = "", flags = ParameterFlags(0x0)
param "LCKAPPAD"  units = "", desc = "", flags = ParameterFlags(0x0)
param "NCKAPPAD"  units = "", desc = "", flags = ParameterFlags(0x0)
param "PCKAPPAD"  units = "", desc = "", flags = ParameterFlags(0x0)
param "LCGBL"  units = "", desc = "", flags = ParameterFlags(0x0)
param "NCGBL"  units = "", desc = "", flags = ParameterFlags(0x0)
param "PCGBL"  units = "", desc = "", flags = ParameterFlags(0x0)
param "LCKAPPAB"  units = "", desc = "", flags = ParameterFlags(0x0)
param "NCKAPPAB"  units = "", desc = "", flags = ParameterFlags(0x0)
param "PCKAPPAB"  units = "", desc = "", flags = ParameterFlags(0x0)
param "LNTGEN"  units = "", desc = "", flags = ParameterFlags(0x0)
param "NNTGEN"  units = "", desc = "", flags = ParameterFlags(0x0)
param "PNTGEN"  units = "", desc = "", flags = ParameterFlags(0x0)
param "LAIGEN"  units = "", desc = "", flags = ParameterFlags(0x0)
param "NAIGEN"  units = "", desc = "", flags = ParameterFlags(0x0)
param "PAIGEN"  units = "", desc = "", flags = ParameterFlags(0x0)
param "LBIGEN"  units = "", desc = "", flags = ParameterFlags(0x0)
param "NBIGEN"  units = "", desc = "", flags = ParameterFlags(0x0)
param "PBIGEN"  units = "", desc = "", flags = ParameterFlags(0x0)
param "LXRCRG1"  units = "", desc = "", flags = ParameterFlags(0x0)
param "NXRCRG1"  units = "", desc = "", flags = ParameterFlags(0x0)
param "PXRCRG1"  units = "", desc = "", flags = ParameterFlags(0x0)
param "LXRCRG2"  units = "", desc = "", flags = ParameterFlags(0x0)
param "NXRCRG2"  units = "", desc = "", flags = ParameterFlags(0x0)
param "PXRCRG2"  units = "", desc = "", flags = ParameterFlags(0x0)
param "LINTNOI"  units = "", desc = "", flags = ParameterFlags(0x0)
param "LUTE"  units = "", desc = "", flags = ParameterFlags(0x0)
param "NUTE"  units = "", desc = "", flags = ParameterFlags(0x0)
param "PUTE"  units = "", desc = "", flags = ParameterFlags(0x0)
param "LUTL"  units = "", desc = "", flags = ParameterFlags(0x0)
param "NUTL"  units = "", desc = "", flags = ParameterFlags(0x0)
param "PUTL"  units = "", desc = "", flags = ParameterFlags(0x0)
param "LEMOBT"  units = "", desc = "", flags = ParameterFlags(0x0)
param "NEMOBT"  units = "", desc = "", flags = ParameterFlags(0x0)
param "PEMOBT"  units = "", desc = "", flags = ParameterFlags(0x0)
param "LUA1"  units = "", desc = "", flags = ParameterFlags(0x0)
param "NUA1"  units = "", desc = "", flags = ParameterFlags(0x0)
param "PUA1"  units = "", desc = "", flags = ParameterFlags(0x0)
param "LUC1"  units = "", desc = "", flags = ParameterFlags(0x0)
param "NUC1"  units = "", desc = "", flags = ParameterFlags(0x0)
param "PUC1"  units = "", desc = "", flags = ParameterFlags(0x0)
param "LUD1"  units = "", desc = "", flags = ParameterFlags(0x0)
param "NUD1"  units = "", desc = "", flags = ParameterFlags(0x0)
param "PUD1"  units = "", desc = "", flags = ParameterFlags(0x0)
param "LUCSTE"  units = "", desc = "", flags = ParameterFlags(0x0)
param "NUCSTE"  units = "", desc = "", flags = ParameterFlags(0x0)
param "PUCSTE"  units = "", desc = "", flags = ParameterFlags(0x0)
param "LPTWGT"  units = "", desc = "", flags = ParameterFlags(0x0)
param "NPTWGT"  units = "", desc = "", flags = ParameterFlags(0x0)
param "PPTWGT"  units = "", desc = "", flags = ParameterFlags(0x0)
param "LAT"  units = "", desc = "", flags = ParameterFlags(0x0)
param "NAT"  units = "", desc = "", flags = ParameterFlags(0x0)
param "PAT"  units = "", desc = "", flags = ParameterFlags(0x0)
param "LSTTHETASAT"  units = "", desc = "", flags = ParameterFlags(0x0)
param "NSTTHETASAT"  units = "", desc = "", flags = ParameterFlags(0x0)
param "PSTTHETASAT"  units = "", desc = "", flags = ParameterFlags(0x0)
param "LPRT"  units = "", desc = "", flags = ParameterFlags(0x0)
param "NPRT"  units = "", desc = "", flags = ParameterFlags(0x0)
param "PPRT"  units = "", desc = "", flags = ParameterFlags(0x0)
param "LKT1"  units = "", desc = "", flags = ParameterFlags(0x0)
param "NKT1"  units = "", desc = "", flags = ParameterFlags(0x0)
param "PKT1"  units = "", desc = "", flags = ParameterFlags(0x0)
param "LTSS"  units = "", desc = "", flags = ParameterFlags(0x0)
param "NTSS"  units = "", desc = "", flags = ParameterFlags(0x0)
param "PTSS"  units = "", desc = "", flags = ParameterFlags(0x0)
param "LIIT"  units = "", desc = "", flags = ParameterFlags(0x0)
param "NIIT"  units = "", desc = "", flags = ParameterFlags(0x0)
param "PIIT"  units = "", desc = "", flags = ParameterFlags(0x0)
param "LTII"  units = "", desc = "", flags = ParameterFlags(0x0)
param "NTII"  units = "", desc = "", flags = ParameterFlags(0x0)
param "PTII"  units = "", desc = "", flags = ParameterFlags(0x0)
param "LTGIDL"  units = "", desc = "", flags = ParameterFlags(0x0)
param "NTGIDL"  units = "", desc = "", flags = ParameterFlags(0x0)
param "PTGIDL"  units = "", desc = "", flags = ParameterFlags(0x0)
param "LIGT"  units = "", desc = "", flags = ParameterFlags(0x0)
param "NIGT"  units = "", desc = "", flags = ParameterFlags(0x0)
param "PIGT"  units = "", desc = "", flags = ParameterFlags(0x0)

5 terminals
node "d" units = "V", runits = ""
residual 3904 3912 N/A N/A
node "g" units = "V", runits = ""
residual 3920 N/A N/A N/A
node "s" units = "V", runits = ""
residual 3928 3936 N/A N/A
node "e" units = "V", runits = ""
residual 3944 3952 N/A N/A
node "t" units = "K", runits = ""
residual 3960 3968 N/A N/A
node "di" units = "V", runits = ""
residual 3976 3984 N/A N/A
node "si" units = "V", runits = ""
residual 3992 4000 N/A N/A
node "gi" units = "V", runits = ""
residual 4008 4016 N/A N/A
node "ge" units = "V", runits = ""
residual 4024 4032 N/A N/A

3 collapsible node pairs
collapsible (ge, gi)
collapsible (g, ge)
collapsible (t, gnd)

58 jacobian entries
jacobian (d, d) JacobianFlags(JACOBIAN_ENTRY_RESIST | JACOBIAN_ENTRY_REACT) react_ptr = 472
jacobian (d, s) JacobianFlags(JACOBIAN_ENTRY_REACT | JACOBIAN_ENTRY_RESIST_CONST) react_ptr = 480
jacobian (d, t) JacobianFlags(JACOBIAN_ENTRY_RESIST | JACOBIAN_ENTRY_REACT_CONST) react_ptr = N/A
jacobian (d, di) JacobianFlags(JACOBIAN_ENTRY_RESIST | JACOBIAN_ENTRY_REACT) react_ptr = 488
jacobian (d, si) JacobianFlags(JACOBIAN_ENTRY_RESIST | JACOBIAN_ENTRY_REACT_CONST) react_ptr = N/A
jacobian (d, gi) JacobianFlags(JACOBIAN_ENTRY_RESIST | JACOBIAN_ENTRY_REACT_CONST) react_ptr = N/A
jacobian (d, ge) JacobianFlags(JACOBIAN_ENTRY_REACT | JACOBIAN_ENTRY_RESIST_CONST) react_ptr = 496
jacobian (g, g) JacobianFlags(JACOBIAN_ENTRY_RESIST | JACOBIAN_ENTRY_REACT_CONST) react_ptr = N/A
jacobian (g, ge) JacobianFlags(JACOBIAN_ENTRY_RESIST | JACOBIAN_ENTRY_REACT_CONST) react_ptr = N/A
jacobian (s, d) JacobianFlags(JACOBIAN_ENTRY_REACT | JACOBIAN_ENTRY_RESIST_CONST) react_ptr = 504
jacobian (s, s) JacobianFlags(JACOBIAN_ENTRY_RESIST | JACOBIAN_ENTRY_REACT) react_ptr = 512
jacobian (s, t) JacobianFlags(JACOBIAN_ENTRY_RESIST | JACOBIAN_ENTRY_REACT_CONST) react_ptr = N/A
jacobian (s, di) JacobianFlags(JACOBIAN_ENTRY_RESIST | JACOBIAN_ENTRY_REACT_CONST) react_ptr = N/A
jacobian (s, si) JacobianFlags(JACOBIAN_ENTRY_RESIST | JACOBIAN_ENTRY_REACT) react_ptr = 520
jacobian (s, gi) JacobianFlags(JACOBIAN_ENTRY_RESIST | JACOBIAN_ENTRY_REACT_CONST) react_ptr = N/A
jacobian (s, ge) JacobianFlags(JACOBIAN_ENTRY_REACT | JACOBIAN_ENTRY_RESIST_CONST) react_ptr = 528
jacobian (e, e) JacobianFlags(JACOBIAN_ENTRY_RESIST | JACOBIAN_ENTRY_REACT) react_ptr = 536
jacobian (e, t) JacobianFlags(JACOBIAN_ENTRY_RESIST | JACOBIAN_ENTRY_REACT) react_ptr = 544
jacobian (e, di) JacobianFlags(JACOBIAN_ENTRY_RESIST | JACOBIAN_ENTRY_REACT) react_ptr = 552
jacobian (e, si) JacobianFlags(JACOBIAN_ENTRY_RESIST | JACOBIAN_ENTRY_REACT) react_ptr = 560
jacobian (e, gi) JacobianFlags(JACOBIAN_ENTRY_RESIST | JACOBIAN_ENTRY_REACT) react_ptr = 568
jacobian (e, ge) JacobianFlags(JACOBIAN_ENTRY_REACT | JACOBIAN_ENTRY_RESIST_CONST) react_ptr = 576
jacobian (t, d) JacobianFlags(JACOBIAN_ENTRY_RESIST | JACOBIAN_ENTRY_REACT_CONST) react_ptr = N/A
jacobian (t, s) JacobianFlags(JACOBIAN_ENTRY_RESIST | JACOBIAN_ENTRY_REACT_CONST) react_ptr = N/A
jacobian (t, e) JacobianFlags(JACOBIAN_ENTRY_RESIST | JACOBIAN_ENTRY_REACT_CONST) react_ptr = N/A
jacobian (t, t) JacobianFlags(JACOBIAN_ENTRY_RESIST | JACOBIAN_ENTRY_REACT) react_ptr = 584
jacobian (t, di) JacobianFlags(JACOBIAN_ENTRY_RESIST | JACOBIAN_ENTRY_REACT_CONST) react_ptr = N/A
jacobian (t, si) JacobianFlags(JACOBIAN_ENTRY_RESIST | JACOBIAN_ENTRY_REACT_CONST) react_ptr = N/A
jacobian (t, gi) JacobianFlags(JACOBIAN_ENTRY_RESIST | JACOBIAN_ENTRY_REACT_CONST) react_ptr = N/A
jacobian (di, d) JacobianFlags(JACOBIAN_ENTRY_RESIST | JACOBIAN_ENTRY_REACT_CONST) react_ptr = N/A
jacobian (di, e) JacobianFlags(JACOBIAN_ENTRY_RESIST | JACOBIAN_ENTRY_REACT) react_ptr = 592
jacobian (di, t) JacobianFlags(JACOBIAN_ENTRY_RESIST | JACOBIAN_ENTRY_REACT) react_ptr = 600
jacobian (di, di) JacobianFlags(JACOBIAN_ENTRY_RESIST | JACOBIAN_ENTRY_REACT) react_ptr = 608
jacobian (di, si) JacobianFlags(JACOBIAN_ENTRY_RESIST | JACOBIAN_ENTRY_REACT) react_ptr = 616
jacobian (di, gi) JacobianFlags(JACOBIAN_ENTRY_RESIST | JACOBIAN_ENTRY_REACT) react_ptr = 624
jacobian (di, ge) JacobianFlags(JACOBIAN_ENTRY_REACT | JACOBIAN_ENTRY_RESIST_CONST) react_ptr = 632
jacobian (si, s) JacobianFlags(JACOBIAN_ENTRY_RESIST | JACOBIAN_ENTRY_REACT_CONST) react_ptr = N/A
jacobian (si, e) JacobianFlags(JACOBIAN_ENTRY_RESIST | JACOBIAN_ENTRY_REACT) react_ptr = 640
jacobian (si, t) JacobianFlags(JACOBIAN_ENTRY_RESIST | JACOBIAN_ENTRY_REACT) react_ptr = 648
jacobian (si, di) JacobianFlags(JACOBIAN_ENTRY_RESIST | JACOBIAN_ENTRY_REACT) react_ptr = 656
jacobian (si, si) JacobianFlags(JACOBIAN_ENTRY_RESIST | JACOBIAN_ENTRY_REACT) react_ptr = 664
jacobian (si, gi) JacobianFlags(JACOBIAN_ENTRY_RESIST | JACOBIAN_ENTRY_REACT) react_ptr = 672
jacobian (si, ge) JacobianFlags(JACOBIAN_ENTRY_REACT | JACOBIAN_ENTRY_RESIST_CONST) react_ptr = 680
jacobian (gi, e) JacobianFlags(JACOBIAN_ENTRY_RESIST | JACOBIAN_ENTRY_REACT) react_ptr = 688
jacobian (gi, t) JacobianFlags(JACOBIAN_ENTRY_RESIST | JACOBIAN_ENTRY_REACT) react_ptr = 696
jacobian (gi, di) JacobianFlags(JACOBIAN_ENTRY_RESIST | JACOBIAN_ENTRY_REACT) react_ptr = 704
jacobian (gi, si) JacobianFlags(JACOBIAN_ENTRY_RESIST | JACOBIAN_ENTRY_REACT) react_ptr = 712
jacobian (gi, gi) JacobianFlags(JACOBIAN_ENTRY_RESIST | JACOBIAN_ENTRY_REACT) react_ptr = 720
jacobian (gi, ge) JacobianFlags(JACOBIAN_ENTRY_RESIST | JACOBIAN_ENTRY_REACT_CONST) react_ptr = N/A
jacobian (ge, d) JacobianFlags(JACOBIAN_ENTRY_REACT | JACOBIAN_ENTRY_RESIST_CONST) react_ptr = 728
jacobian (ge, g) JacobianFlags(JACOBIAN_ENTRY_RESIST | JACOBIAN_ENTRY_REACT_CONST) react_ptr = N/A
jacobian (ge, s) JacobianFlags(JACOBIAN_ENTRY_REACT | JACOBIAN_ENTRY_RESIST_CONST) react_ptr = 736
jacobian (ge, e) JacobianFlags(JACOBIAN_ENTRY_RESIST | JACOBIAN_ENTRY_REACT) react_ptr = 744
jacobian (ge, t) JacobianFlags(JACOBIAN_ENTRY_RESIST | JACOBIAN_ENTRY_REACT) react_ptr = 752
jacobian (ge, di) JacobianFlags(JACOBIAN_ENTRY_RESIST | JACOBIAN_ENTRY_REACT) react_ptr = 760
jacobian (ge, si) JacobianFlags(JACOBIAN_ENTRY_RESIST | JACOBIAN_ENTRY_REACT) react_ptr = 768
jacobian (ge, gi) JacobianFlags(JACOBIAN_ENTRY_RESIST | JACOBIAN_ENTRY_REACT) react_ptr = 776
jacobian (ge, ge) JacobianFlags(JACOBIAN_ENTRY_RESIST | JACOBIAN_ENTRY_REACT) react_ptr = 784

12 noise sources
noise "flicker" (di, si)
noise "thermal" (di, si)
noise "shot" (gi, si)
noise "shot" (gi, si)
noise "shot" (gi, si)
noise "shot" (gi, di)
noise "shot" (gi, di)
noise "shot" (gi, di)
noise "shot" (gi, e)
noise "thermal" (d, di)
noise "thermal" (s, si)
noise "thermal" (g, ge)

0 states
has bound_step false

instance size 4768
model size 7296
