Topology {
    branches: {
        branch0: BranchInfo {
            branch: Unnamed {
                hi: node0,
                lo: Some(
                    node1,
                ),
            },
            is_potential_source: v24,
            potential: Contribution {
                unknown: Some(
                    v19,
                ),
                resist: v28,
                react: v3,
                resist_small_signal: v3,
                react_small_signal: v3,
                noises: [],
            },
            flow: Contribution {
                unknown: Some(
                    v21,
                ),
                resist: v26,
                react: v3,
                resist_small_signal: v3,
                react_small_signal: v3,
                noises: [],
            },
        },
    },
    implicit_equations: {},
    small_signal_vals: {},
}