Topology {
    branches: {
        branch0: BranchInfo {
            branch: Unnamed {
                hi: node0,
                lo: Some(
                    node1,
                ),
            },
            is_potential_source: v1,
            potential: Contribution {
                unknown: None,
                resist: v3,
                react: v3,
                resist_small_signal: v3,
                react_small_signal: v3,
                noises: [],
            },
            flow: Contribution {
                unknown: None,
                resist: v18,
                react: v3,
                resist_small_signal: v3,
                react_small_signal: v3,
                noises: [],
            },
        },
    },
    implicit_equations: {},
    small_signal_vals: {},
}