function %(v16, v17, v19, v23) {
    inst0 = const fn %ddt(1) -> 1

                                block2:
@0005                               v18 = fmul v16, v17
@000c                               v21 = fmul v18, v23
                                    v22 = optbarrier v21
                                    v24 = fneg v23
                                    v25 = optbarrier v17
}
