Topology {
    branches: {
        branch0: BranchInfo {
            branch: Named(
                BranchId(2),
            ),
            is_potential_source: v1,
            potential: Contribution {
                unknown: Some(
                    v17,
                ),
                resist: v3,
                react: v3,
                resist_small_signal: v3,
                react_small_signal: v3,
                noises: [],
            },
            flow: Contribution {
                unknown: None,
                resist: v42,
                react: v44,
                resist_small_signal: v3,
                react_small_signal: v3,
                noises: [],
            },
        },
        branch1: BranchInfo {
            branch: Named(
                BranchId(1),
            ),
            is_potential_source: v1,
            potential: Contribution {
                unknown: Some(
                    v21,
                ),
                resist: v3,
                react: v3,
                resist_small_signal: v3,
                react_small_signal: v3,
                noises: [],
            },
            flow: Contribution {
                unknown: None,
                resist: v43,
                react: v45,
                resist_small_signal: v3,
                react_small_signal: v3,
                noises: [],
            },
        },
    },
    implicit_equations: {},
    small_signal_vals: {},
}