Topology {
    branches: {
        branch0: BranchInfo {
            branch: Named(
                BranchId(0),
            ),
            is_potential_source: v1,
            potential: Contribution {
                unknown: Some(
                    v17,
                ),
                resist: v3,
                react: v3,
                resist_small_signal: v3,
                react_small_signal: v3,
                noises: [],
            },
            flow: Contribution {
                unknown: None,
                resist: v22,
                react: v3,
                resist_small_signal: v3,
                react_small_signal: v3,
                noises: [],
            },
        },
    },
    implicit_equations: {
        inode0: Contribution {
            unknown: Some(
                v23,
            ),
            resist: v24,
            react: v25,
            resist_small_signal: v3,
            react_small_signal: v3,
            noises: [],
        },
    },
    small_signal_vals: {},
}