Topology {
    branches: {
        branch0: BranchInfo {
            branch: Unnamed {
                hi: node0,
                lo: Some(
                    node1,
                ),
            },
            is_potential: v2,
            potential: Contribution {
                unknown: Some(
                    v16,
                ),
                resist: v21,
                react: v23,
                resist_small_signal: v3,
                react_small_signal: v3,
                noises: [],
            },
            flow: Contribution {
                unknown: Some(
                    v17,
                ),
                resist: v3,
                react: v3,
                resist_small_signal: v3,
                react_small_signal: v3,
                noises: [],
            },
        },
    },
    implicit_equations: {},
    small_signal_vals: {},
    contrib_map: {},
}