Topology {
    branches: {
        branch0: BranchInfo {
            branch: Unnamed {
                hi: node0,
                lo: Some(
                    node1,
                ),
            },
            is_potential: v1,
            potential: Contribution {
                unknown: Some(
                    v19,
                ),
                resist: v3,
                react: v3,
                resist_small_signal: v3,
                react_small_signal: v3,
                noises: [],
            },
            flow: Contribution {
                unknown: None,
                resist: v25,
                react: v3,
                resist_small_signal: v3,
                react_small_signal: v3,
                noises: [],
            },
        },
    },
    implicit_equations: {
        inode0: Contribution {
            unknown: Some(
                v17,
            ),
            resist: v23,
            react: v24,
            resist_small_signal: v3,
            react_small_signal: v3,
            noises: [],
        },
    },
    small_signal_vals: {},
    contrib_map: {},
}